// Jest Snapshot v1, https://goo.gl/fbAQLP

exports[`<AddChatModal /> renders correctly 1`] = `null`;
