// Jest Snapshot v1, https://goo.gl/fbAQLP

exports[`<ErrorTip /> renders correctly 1`] = `null`;
