// Jest Snapshot v1, https://goo.gl/fbAQLP

exports[`<UserFormModal /> renders correctly 1`] = `null`;
