// Jest Snapshot v1, https://goo.gl/fbAQLP

exports[`<AddChat /> renders correctly 1`] = `
<div>
  <button
    aria-label="Add"
    className="MuiButtonBase-root-42 MuiFab-root-32 MuiFab-primary-34 AddChat-button-31"
    disabled={false}
    onBlur={[Function]}
    onClick={[MockFunction]}
    onContextMenu={[Function]}
    onFocus={[Function]}
    onKeyDown={[Function]}
    onKeyUp={[Function]}
    onMouseDown={[Function]}
    onMouseLeave={[Function]}
    onMouseUp={[Function]}
    onTouchEnd={[Function]}
    onTouchMove={[Function]}
    onTouchStart={[Function]}
    tabIndex="0"
    type="button"
  >
    <span
      className="MuiFab-label-33"
    >
      <svg
        aria-hidden="true"
        className="MuiSvgIcon-root-45"
        focusable="false"
        role="presentation"
        viewBox="0 0 24 24"
      >
        <path
          d="M19 13h-6v6h-2v-6H5v-2h6V5h2v6h6v2z"
        />
        <path
          d="M0 0h24v24H0z"
          fill="none"
        />
      </svg>
    </span>
    <span
      className="MuiTouchRipple-root-54"
    />
  </button>
  AddChatModal
</div>
`;
